EN clockdivider NULL "C:/Documents and Settings/304/Desktop/MachIdent/clockdivider.vhd" sub00/vhpl14 1493223533
AR decoder structural "C:/Documents and Settings/304/Desktop/MachIdent/Decoder.vhd" sub00/vhpl01 1493223520
AR machine3 behavioral "C:/Documents and Settings/304/Desktop/MachIdent/Machine3.vhd" sub00/vhpl07 1493223526
AR sevseg behavioral "C:/Documents and Settings/304/Desktop/MachIdent/sevenSegmentDisplay.vhd" sub00/vhpl19 1493223538
AR machine1 behavioral "C:/Documents and Settings/304/Desktop/MachIdent/Machine1.vhd" sub00/vhpl03 1493223522
EN machine1 NULL "C:/Documents and Settings/304/Desktop/MachIdent/Machine1.vhd" sub00/vhpl02 1493223521
EN machine2 NULL "C:/Documents and Settings/304/Desktop/MachIdent/Machine2.vhd" sub00/vhpl04 1493223523
EN machine3 NULL "C:/Documents and Settings/304/Desktop/MachIdent/Machine3.vhd" sub00/vhpl06 1493223525
EN machine4 NULL "C:/Documents and Settings/304/Desktop/MachIdent/Machine4.vhd" sub00/vhpl08 1493223527
AR machineencoder behavioral "C:/Documents and Settings/304/Desktop/MachIdent/machineEncoder.vhd" sub00/vhpl17 1493223536
AR topmodule structure "C:/Documents and Settings/304/Desktop/MachIdent/TopModule.vhd" sub00/vhpl21 1493223540
AR mux structural "C:/Documents and Settings/304/Desktop/MachIdent/Mux.vhd" sub00/vhpl11 1493223530
EN sevseg NULL "C:/Documents and Settings/304/Desktop/MachIdent/sevenSegmentDisplay.vhd" sub00/vhpl18 1493223537
EN machineencoder NULL "C:/Documents and Settings/304/Desktop/MachIdent/machineEncoder.vhd" sub00/vhpl16 1493223535
AR machine4 behavioral "C:/Documents and Settings/304/Desktop/MachIdent/Machine4.vhd" sub00/vhpl09 1493223528
EN stateencoder NULL "C:/Documents and Settings/304/Desktop/MachIdent/stateEncoder.vhd" sub00/vhpl12 1493223531
AR machine2 behavioral "C:/Documents and Settings/304/Desktop/MachIdent/Machine2.vhd" sub00/vhpl05 1493223524
EN topmodule NULL "C:/Documents and Settings/304/Desktop/MachIdent/TopModule.vhd" sub00/vhpl20 1493223539
EN mux NULL "C:/Documents and Settings/304/Desktop/MachIdent/Mux.vhd" sub00/vhpl10 1493223529
AR clockdivider behavioral "C:/Documents and Settings/304/Desktop/MachIdent/clockdivider.vhd" sub00/vhpl15 1493223534
EN decoder NULL "C:/Documents and Settings/304/Desktop/MachIdent/Decoder.vhd" sub00/vhpl00 1493223519
AR stateencoder behavioral "C:/Documents and Settings/304/Desktop/MachIdent/stateEncoder.vhd" sub00/vhpl13 1493223532
